###############################################################################
#
# IAR ELF Linker V8.40.1.212/W32 for ARM                  08/Dec/2019  22:44:42
# Copyright 2007-2019 IAR Systems AB.
#
#    Output file  =
#        E:\UW_Workspace\embsys100\assignment07\Debug\Exe\assignment07.out
#    Map file     =
#        E:\UW_Workspace\embsys100\assignment07\Debug\List\assignment07.map
#    Command line =
#        -f C:\Users\ALLENM~1\AppData\Local\Temp\EW1E60.tmp
#        (E:\UW_Workspace\embsys100\assignment07\Debug\Obj\main.o
#        E:\UW_Workspace\embsys100\assignment07\Debug\Obj\startup_stm32f401xe.o
#        --no_out_extension -o
#        E:\UW_Workspace\embsys100\assignment07\Debug\Exe\assignment07.out
#        --redirect _Printf=_PrintfFullNoMb --redirect _Scanf=_ScanfFullNoMb
#        --map
#        E:\UW_Workspace\embsys100\assignment07\Debug\List\assignment07.map
#        --config E:\UW_Workspace\embsys100\assignment07\assignment07.icf
#        --semihosting --entry __iar_program_start --vfe --text_out locale)
#
###############################################################################

*******************************************************************************
*** RUNTIME MODEL ATTRIBUTES
***

CppFlavor       = *
__SystemLibrary = DLib
__dlib_version  = 6


*******************************************************************************
*** HEAP SELECTION
***

The basic heap was selected because some modules are built with
size limitations (and not runtime checking), and --advanced_heap
was not specified.


*******************************************************************************
*** PLACEMENT SUMMARY
***

"A0":  place at address 0x800'0000 { ro section .intvec };
"P1":  place in [from 0x800'0000 to 0x807'ffff] { ro };
define block CSTACK with size = 8K, alignment = 8 { };
define block HEAP with size = 8K, alignment = 8 { };
"P2":  place in [from 0x2000'0000 to 0x2001'7fff] {
          rw, block CSTACK, block HEAP };

No sections matched the following patterns:

  rw  in "P2"


  Section   Kind         Address    Size  Object
  -------   ----         -------    ----  ------
"A0":                               0x40
  .intvec   const     0x800'0000    0x40  startup_stm32f401xe.o [1]
                    - 0x800'0040    0x40

"P1":                               0xb4
  .text     ro code   0x800'0040    0x40  main.o [1]
  .text     ro code   0x800'0080    0x20  startup_stm32f401xe.o [1]
  .text     ro code   0x800'00a0    0x1e  cmain.o [3]
  .text     ro code   0x800'00be     0x4  low_level_init.o [2]
  .text     ro code   0x800'00c2     0x4  exit.o [2]
  .text     ro code   0x800'00c8     0xa  cexit.o [3]
  .text     ro code   0x800'00d4    0x14  exit.o [4]
  .text     ro code   0x800'00e8     0xc  cstartup_M.o [3]
                    - 0x800'00f4    0xb4

"P2":                             0x2000
  CSTACK             0x2000'0000  0x2000  <Block>
    CSTACK  uninit   0x2000'0000  0x2000  <Block tail>
                   - 0x2000'2000  0x2000

Unused ranges:

         From           To      Size
         ----           --      ----
   0x800'00f4   0x807'ffff  0x7'ff0c
  0x2000'2000  0x2001'7fff  0x1'6000



*******************************************************************************
*** MODULE SUMMARY
***

    Module                 ro code  ro data  rw data
    ------                 -------  -------  -------
command line/config:
    ------------------------------------------------
    Total:

E:\UW_Workspace\embsys100\assignment07\Debug\Obj: [1]
    main.o                      64
    startup_stm32f401xe.o       32       64
    ------------------------------------------------
    Total:                      96       64

dl7M_tln.a: [2]
    exit.o                       4
    low_level_init.o             4
    ------------------------------------------------
    Total:                       8

rt7M_tl.a: [3]
    cexit.o                     10
    cmain.o                     30
    cstartup_M.o                12
    ------------------------------------------------
    Total:                      52

shb_l.a: [4]
    exit.o                      20
    ------------------------------------------------
    Total:                      20

    Gaps                         4
    Linker created                             8'192
----------------------------------------------------
    Grand Total:               180       64    8'192


*******************************************************************************
*** ENTRY LIST
***

Entry                     Address  Size  Type      Object
-----                     -------  ----  ----      ------
?main                  0x800'00a1        Code  Gb  cmain.o [3]
BusFault_Handler       0x800'0087   0x2  Code  Gb  startup_stm32f401xe.o [1]
CSTACK$$Base          0x2000'0000         --   Gb  - Linker created -
CSTACK$$Limit         0x2000'2000        Data  Gb  - Linker created -
DebugMon_Handler       0x800'008d   0x2  Code  Gb  startup_stm32f401xe.o [1]
HardFault_Handler      0x800'0083   0x2  Code  Gb  startup_stm32f401xe.o [1]
MemManage_Handler      0x800'0085   0x2  Code  Gb  startup_stm32f401xe.o [1]
NMI_Handler            0x800'0081   0x2  Code  Gb  startup_stm32f401xe.o [1]
PendSV_Handler         0x800'008f   0x2  Code  Gb  startup_stm32f401xe.o [1]
Region$$Table$$Base           0x0         --   Gb  - Linker created -
Region$$Table$$Limit          0x0         --   Gb  - Linker created -
SVC_Handler            0x800'008b   0x2  Code  Gb  startup_stm32f401xe.o [1]
SysTick_Handler        0x800'0091   0xc  Code  Gb  startup_stm32f401xe.o [1]
UsageFault_Handler     0x800'0089   0x2  Code  Gb  startup_stm32f401xe.o [1]
__cmain                0x800'00a1        Code  Gb  cmain.o [3]
__exit                 0x800'00d5  0x14  Code  Gb  exit.o [4]
__iar_program_start    0x800'00e9        Code  Gb  cstartup_M.o [3]
__low_level_init       0x800'00bf   0x4  Code  Gb  low_level_init.o [2]
__vector_table         0x800'0000  0x40  Data  Gb  startup_stm32f401xe.o [1]
_call_main             0x800'00ad        Code  Gb  cmain.o [3]
_exit                  0x800'00c9        Code  Gb  cexit.o [3]
_main                  0x800'00bb        Code  Gb  cmain.o [3]
exit                   0x800'00c3   0x4  Code  Gb  exit.o [2]
main                   0x800'0041  0x40  Code  Gb  main.o [1]


[1] = E:\UW_Workspace\embsys100\assignment07\Debug\Obj
[2] = dl7M_tln.a
[3] = rt7M_tl.a
[4] = shb_l.a

    180 bytes of readonly  code memory
     64 bytes of readonly  data memory
  8'192 bytes of readwrite data memory

Errors: none
Warnings: none
